[21:15:21] ✅ anxiety→intact: (((K1+K2))²+((x0−K1)abs))
[21:15:23] ✅ anxiety→intact: (((K1+K2))²+((x0−K1)abs))
[21:15:27] 🚨 CV rising! Self-feeding generator...
[21:15:31] ✅ discipline→intact: (((x0+K1))²/((x0−K2)abs))
[21:15:34] ✅ sleep→intact: ((x0²+K2)/(x0²−K2))
[21:15:35] ✅ dq→intact: (((x0−K2))²/((x0−x0²)abs))
[21:15:41] ✅ sleep→energy: ((x0/K2)+((K1+K2))²)
[21:15:45] 🚨 CV rising! Self-feeding generator...
[21:15:48] ✅ energy→intact: ((x0+x0²)/(x0−K2))
[21:15:51] ✅ dq→intact: (((x0−K2))²/((x0−x0²)abs))
[21:15:54] ✅ sleep→energy: ((x0/K2)+((K1+K2))²)
[21:15:59] ✅ discipline→intact: (((x0+K1))²/((x0−K2)abs))
[21:16:00] ✅ discipline→intact: (((x0+K1))²/((x0−K2)abs))
[21:16:01] ✅ gi→intact: (((x0²+K2))²/((x0²−K2))²)
[21:16:02] ✅ energy→intact: ((x0+x0²)/(x0−K2))
[21:16:06] 🚨 CV rising! Self-feeding generator...
[21:16:11] ✅ discipline→intact: (((x0+K1))²/((x0−K2)abs))
[21:16:16] ✅ sleep→intact: ((x0²+K2)/(x0²−K2))
[21:16:20] ✅ energy→intact: ((x0+x0²)/(x0−K2))
[21:16:26] ✅ discipline→intact: (((x0+K1))²/((x0−K2)abs))
[21:16:26] 📚 Knowledge CV=0.8695652173913 — cleaning contradictions
[21:16:27] ✅ sleep→energy: ((x0/K2)+((K1+K2))²)
[21:16:29] ✅ stress→intact: ((x0/K2)+((K1+K2))²)
[21:16:34] ✅ discipline→intact: (((x0+K1))²/((x0−K2)abs))
[21:16:36] ✅ dq→intact: (((x0−K2))²/((x0−x0²)abs))
[21:16:39] ✅ discipline→intact: (((x0+K1))²/((x0−K2)abs))
[21:16:41] ✅ discipline→intact: (((x0+K1))²/((x0−K2)abs))
[21:16:44] ✅ gi→intact: (((x0²+K2))²/((x0²−K2))²)
[21:16:56] 🚨 CV rising! Self-feeding generator...
[21:16:57] ✅ energy→intact: ((x0+x0²)/(x0−K2))
[21:17:04] ✅ discipline→intact: (((x0+K1))²/((x0−K2)abs))
[21:17:10] ✅ sleep→intact: ((x0²+K2)/(x0²−K2))
[21:17:20] ✅ stress→intact: ((x0/K2)+((K1+K2))²)
[21:17:28] ✅ sleep→energy: ((x0/K2)+((K1+K2))²)
[21:17:34] 📚 Knowledge CV=0.8695652173913 — cleaning contradictions
[21:17:39] ✅ stress→intact: ((x0/K2)+((K1+K2))²)
[21:17:45] ✅ sleep→intact: ((x0²+K2)/(x0²−K2))
[21:17:47] ✅ discipline→intact: (((x0+K1))²/((x0−K2)abs))
[21:17:50] ✅ anxiety→intact: (((K1+K2))²+((x0−K1)abs))
[21:17:53] ✅ stress→intact: ((x0/K2)+((K1+K2))²)
[21:17:54] ✅ energy→intact: ((x0+x0²)/(x0−K2))
[21:17:56] ✅ dq→intact: (((x0−K2))²/((x0−x0²)abs))
[21:18:02] ✅ discipline→intact: (((x0+K1))²/((x0−K2)abs))
[21:18:09] ✅ gi→intact: (((x0²+K2))²/((x0²−K2))²)
[21:18:13] 🚨 CV rising! Self-feeding generator...
[21:18:16] ✅ energy→intact: ((x0+x0²)/(x0−K2))
[21:18:29] 🧬 Grammar exhausted (10 failures). Evolving...
[21:18:38] ✅ dq→intact: (((x0−K2))²/((x0−x0²)abs))
[21:18:42] ✅ sleep→intact: ((x0²+K2)/(x0²−K2))
[21:18:42] 📚 Knowledge CV=0.8695652173913 — cleaning contradictions
[21:18:46] ✅ anxiety→intact: (((K1+K2))²+((x0−K1)abs))
[21:18:47] ✅ stress→intact: ((x0/K2)+((K1+K2))²)
[21:18:58] ✅ discipline→intact: (((x0+K1))²/((x0−K2)abs))
[21:19:02] ✅ gi→intact: (((x0²+K2))²/((x0²−K2))²)
[21:19:03] ✅ dq→intact: (((x0−K2))²/((x0−x0²)abs))
[21:19:07] ✅ sleep→intact: ((x0²+K2)/(x0²−K2))
[21:19:10] ✅ sleep→intact: ((x0²+K2)/(x0²−K2))
[21:19:15] ✅ sleep→energy: ((x0/K2)+((K1+K2))²)
[21:19:17] ✅ energy→intact: ((x0+x0²)/(x0−K2))
[21:19:31] ✅ sleep→energy: ((x0/K2)+((K1+K2))²)
[21:19:32] ✅ stress→intact: ((x0/K2)+((K1+K2))²)
[21:19:35] ✅ stress→intact: ((x0/K2)+((K1+K2))²)
[21:19:36] ✅ sleep→intact: ((x0²+K2)/(x0²−K2))
[21:19:37] ✅ dq→intact: (((x0−K2))²/((x0−x0²)abs))
[21:19:38] ✅ sleep→energy: ((x0/K2)+((K1+K2))²)
[21:19:49] ✅ energy→intact: ((x0+x0²)/(x0−K2))
[21:19:53] ✅ discipline→intact: (((x0+K1))²/((x0−K2)abs))
[21:20:06] ✅ stress→intact: ((x0/K2)+((K1+K2))²)
[21:20:07] ✅ stress→intact: ((x0/K2)+((K1+K2))²)
[21:20:14] ✅ gi→intact: (((x0²+K2))²/((x0²−K2))²)
[21:20:15] ✅ gi→intact: (((x0²+K2))²/((x0²−K2))²)
[21:20:24] ✅ sleep→energy: ((x0/K2)+((K1+K2))²)
[21:20:25] ✅ energy→intact: ((x0+x0²)/(x0−K2))
[21:20:35] ✅ stress→intact: ((x0/K2)+((K1+K2))²)
[21:20:36] ✅ sleep→intact: ((x0²+K2)/(x0²−K2))
[21:20:36] 📚 Knowledge CV=0.8695652173913 — cleaning contradictions
[21:20:40] ✅ dq→intact: (((x0−K2))²/((x0−x0²)abs))
[21:20:55] 🧬 Grammar exhausted (10 failures). Evolving...
[21:21:07] ✅ stress→intact: ((x0/K2)+((K1+K2))²)
[21:21:08] ✅ dq→intact: (((x0−K2))²/((x0−x0²)abs))
[21:21:12] ✅ sleep→intact: ((x0²+K2)/(x0²−K2))
[08:43:45] 🚨 CV rising! Self-feeding generator...
